<?xml version="1.0" encoding="UTF-8"?>
<TestRun id="706f7102-b6e0-4923-8a3f-940cced66eb4" name="Alpheratz@ALPHERATZ 2013-11-23 10:49:10" runUser="ALPHERATZ\Alpheratz" xmlns="http://microsoft.com/schemas/VisualStudio/TeamTest/2010">
  <TestSettings name="Local" id="3bb9b01f-53d9-4978-a31b-c73d7a057c86">
    <Description>These are default test settings for a local test run.</Description>
    <Deployment enabled="false" runDeploymentRoot="Alpheratz_ALPHERATZ 2013-11-23 10_49_10">
      <DeploymentItem filename="C:\Users\Томас\documents\visual studio 2010\Projects\tp_lab_4\tp_lab_4\bin\Debug\tp_lab_4.exe" />
    </Deployment>
    <Execution>
      <TestTypeSpecific />
      <AgentRule name="Execution Agents">
      </AgentRule>
    </Execution>
  </TestSettings>
  <Times creation="2013-11-23T10:49:10.1388454+03:00" queuing="2013-11-23T10:49:12.4333613+03:00" start="2013-11-23T10:49:12.6154820+03:00" finish="2013-11-23T10:49:15.4883859+03:00" />
  <ResultSummary outcome="Inconclusive">
    <Counters total="19" executed="19" passed="18" error="0" failed="0" timeout="0" aborted="0" inconclusive="1" passedButRunAborted="0" notRunnable="0" notExecuted="0" disconnected="0" warning="0" completed="0" inProgress="0" pending="0" />
  </ResultSummary>
  <TestDefinitions>
    <UnitTest name="CheckBalanceTest2" storage="c:\users\томас\documents\visual studio 2010\projects\tp_lab_4\testproject\bin\debug\testproject.dll" id="40119914-768a-91ac-7f5d-1560d2c1738d">
      <Execution id="3d0f523e-2ef3-446b-81f4-82cfdffbbe73" />
      <TestMethod codeBase="C:/Users/Томас/Documents/Visual Studio 2010/Projects/tp_lab_4/TestProject/bin/Debug/TestProject.DLL" adapterTypeName="Microsoft.VisualStudio.TestTools.TestTypes.Unit.UnitTestAdapter, Microsoft.VisualStudio.QualityTools.Tips.UnitTest.Adapter, Version=10.0.0.0, Culture=neutral, PublicKeyToken=b03f5f7f11d50a3a" className="TestProject.OverdraftAccountTest, TestProject, Version=1.0.0.0, Culture=neutral, PublicKeyToken=null" name="CheckBalanceTest2" />
    </UnitTest>
    <UnitTest name="WithdrawTest1" storage="c:\users\томас\documents\visual studio 2010\projects\tp_lab_4\testproject\bin\debug\testproject.dll" id="3fd24b6d-d52c-d2b5-ce46-c1241d8e76f9">
      <Execution id="519d8262-8f92-4908-b33a-abf2bc550724" />
      <TestMethod codeBase="C:/Users/Томас/Documents/Visual Studio 2010/Projects/tp_lab_4/TestProject/bin/Debug/TestProject.DLL" adapterTypeName="Microsoft.VisualStudio.TestTools.TestTypes.Unit.UnitTestAdapter, Microsoft.VisualStudio.QualityTools.Tips.UnitTest.Adapter, Version=10.0.0.0, Culture=neutral, PublicKeyToken=b03f5f7f11d50a3a" className="TestProject.SavingsAccountTest, TestProject, Version=1.0.0.0, Culture=neutral, PublicKeyToken=null" name="WithdrawTest1" />
    </UnitTest>
    <UnitTest name="WithdrawTest1" storage="c:\users\томас\documents\visual studio 2010\projects\tp_lab_4\testproject\bin\debug\testproject.dll" id="d4283844-5544-bd64-8504-6fefb31dfb59">
      <Execution id="88ba3c55-be22-4372-9da7-bef90ac9c730" />
      <TestMethod codeBase="C:/Users/Томас/Documents/Visual Studio 2010/Projects/tp_lab_4/TestProject/bin/Debug/TestProject.DLL" adapterTypeName="Microsoft.VisualStudio.TestTools.TestTypes.Unit.UnitTestAdapter, Microsoft.VisualStudio.QualityTools.Tips.UnitTest.Adapter, Version=10.0.0.0, Culture=neutral, PublicKeyToken=b03f5f7f11d50a3a" className="TestProject.TimedMaturityAccountTest, TestProject, Version=1.0.0.0, Culture=neutral, PublicKeyToken=null" name="WithdrawTest1" />
    </UnitTest>
    <UnitTest name="CheckBalanceTest" storage="c:\users\томас\documents\visual studio 2010\projects\tp_lab_4\testproject\bin\debug\testproject.dll" id="d85feacb-cbc1-a5b1-ab33-968b7a817475">
      <Execution id="c1001e96-8ac7-4759-bc51-9404f0e7dfd0" />
      <TestMethod codeBase="C:/Users/Томас/Documents/Visual Studio 2010/Projects/tp_lab_4/TestProject/bin/Debug/TestProject.DLL" adapterTypeName="Microsoft.VisualStudio.TestTools.TestTypes.Unit.UnitTestAdapter, Microsoft.VisualStudio.QualityTools.Tips.UnitTest.Adapter, Version=10.0.0.0, Culture=neutral, PublicKeyToken=b03f5f7f11d50a3a" className="TestProject.SavingsAccountTest, TestProject, Version=1.0.0.0, Culture=neutral, PublicKeyToken=null" name="CheckBalanceTest" />
    </UnitTest>
    <UnitTest name="CheckingAccountConstructorTest1" storage="c:\users\томас\documents\visual studio 2010\projects\tp_lab_4\testproject\bin\debug\testproject.dll" id="48be869a-44d0-2fa1-f225-d2277c0d90de">
      <Execution id="41e6e414-167f-4a97-8fac-a6b0fb455ddd" />
      <TestMethod codeBase="C:/Users/Томас/Documents/Visual Studio 2010/Projects/tp_lab_4/TestProject/bin/Debug/TestProject.DLL" adapterTypeName="Microsoft.VisualStudio.TestTools.TestTypes.Unit.UnitTestAdapter, Microsoft.VisualStudio.QualityTools.Tips.UnitTest.Adapter, Version=10.0.0.0, Culture=neutral, PublicKeyToken=b03f5f7f11d50a3a" className="TestProject.CheckingAccountTest, TestProject, Version=1.0.0.0, Culture=neutral, PublicKeyToken=null" name="CheckingAccountConstructorTest1" />
    </UnitTest>
    <UnitTest name="SavingsAccountConstructorTest1" storage="c:\users\томас\documents\visual studio 2010\projects\tp_lab_4\testproject\bin\debug\testproject.dll" id="ccb7f12c-c2c7-e8c3-73b6-38c60b00775d">
      <Execution id="ef4ae59f-8de6-4239-bace-57f168a922c6" />
      <TestMethod codeBase="C:/Users/Томас/Documents/Visual Studio 2010/Projects/tp_lab_4/TestProject/bin/Debug/TestProject.DLL" adapterTypeName="Microsoft.VisualStudio.TestTools.TestTypes.Unit.UnitTestAdapter, Microsoft.VisualStudio.QualityTools.Tips.UnitTest.Adapter, Version=10.0.0.0, Culture=neutral, PublicKeyToken=b03f5f7f11d50a3a" className="TestProject.SavingsAccountTest, TestProject, Version=1.0.0.0, Culture=neutral, PublicKeyToken=null" name="SavingsAccountConstructorTest1" />
    </UnitTest>
    <UnitTest name="CheckBalanceTest" storage="c:\users\томас\documents\visual studio 2010\projects\tp_lab_4\testproject\bin\debug\testproject.dll" id="81694bce-5837-2414-4d67-103ba283bc04">
      <Execution id="92d697c1-bedd-433b-a93a-0b5b1a527b78" />
      <TestMethod codeBase="C:/Users/Томас/Documents/Visual Studio 2010/Projects/tp_lab_4/TestProject/bin/Debug/TestProject.DLL" adapterTypeName="Microsoft.VisualStudio.TestTools.TestTypes.Unit.UnitTestAdapter, Microsoft.VisualStudio.QualityTools.Tips.UnitTest.Adapter, Version=10.0.0.0, Culture=neutral, PublicKeyToken=b03f5f7f11d50a3a" className="TestProject.CheckingAccountTest, TestProject, Version=1.0.0.0, Culture=neutral, PublicKeyToken=null" name="CheckBalanceTest" />
    </UnitTest>
    <UnitTest name="SavingsAccountConstructorTest" storage="c:\users\томас\documents\visual studio 2010\projects\tp_lab_4\testproject\bin\debug\testproject.dll" id="46098c4c-d876-3463-9eb4-443e386a8459">
      <Execution id="844814b8-d36f-4469-97be-8d341fbbe1a2" />
      <TestMethod codeBase="C:/Users/Томас/Documents/Visual Studio 2010/Projects/tp_lab_4/TestProject/bin/Debug/TestProject.DLL" adapterTypeName="Microsoft.VisualStudio.TestTools.TestTypes.Unit.UnitTestAdapter, Microsoft.VisualStudio.QualityTools.Tips.UnitTest.Adapter, Version=10.0.0.0, Culture=neutral, PublicKeyToken=b03f5f7f11d50a3a" className="TestProject.SavingsAccountTest, TestProject, Version=1.0.0.0, Culture=neutral, PublicKeyToken=null" name="SavingsAccountConstructorTest" />
    </UnitTest>
    <UnitTest name="AccruePercentsTest" storage="c:\users\томас\documents\visual studio 2010\projects\tp_lab_4\testproject\bin\debug\testproject.dll" id="0b378d9a-6583-b55f-35b0-eea1ece0a897">
      <Execution id="bb825938-9dad-4044-9ca3-45f76a6779c5" />
      <TestMethod codeBase="C:/Users/Томас/Documents/Visual Studio 2010/Projects/tp_lab_4/TestProject/bin/Debug/TestProject.DLL" adapterTypeName="Microsoft.VisualStudio.TestTools.TestTypes.Unit.UnitTestAdapter, Microsoft.VisualStudio.QualityTools.Tips.UnitTest.Adapter, Version=10.0.0.0, Culture=neutral, PublicKeyToken=b03f5f7f11d50a3a" className="TestProject.SavingsAccountTest, TestProject, Version=1.0.0.0, Culture=neutral, PublicKeyToken=null" name="AccruePercentsTest" />
    </UnitTest>
    <UnitTest name="CheckBalanceTest1" storage="c:\users\томас\documents\visual studio 2010\projects\tp_lab_4\testproject\bin\debug\testproject.dll" id="4ca3fa70-5e7f-e23a-34a4-cb2747584b7e">
      <Execution id="69b52d02-36c8-4738-b587-c195ea58c4a7" />
      <TestMethod codeBase="C:/Users/Томас/Documents/Visual Studio 2010/Projects/tp_lab_4/TestProject/bin/Debug/TestProject.DLL" adapterTypeName="Microsoft.VisualStudio.TestTools.TestTypes.Unit.UnitTestAdapter, Microsoft.VisualStudio.QualityTools.Tips.UnitTest.Adapter, Version=10.0.0.0, Culture=neutral, PublicKeyToken=b03f5f7f11d50a3a" className="TestProject.OverdraftAccountTest, TestProject, Version=1.0.0.0, Culture=neutral, PublicKeyToken=null" name="CheckBalanceTest1" />
    </UnitTest>
    <UnitTest name="CheckBalanceTest" storage="c:\users\томас\documents\visual studio 2010\projects\tp_lab_4\testproject\bin\debug\testproject.dll" id="bd322020-b0e7-2f58-3493-0b69867350e1">
      <Execution id="f557ff4c-e414-49a1-b222-56ea17b96696" />
      <TestMethod codeBase="C:/Users/Томас/Documents/Visual Studio 2010/Projects/tp_lab_4/TestProject/bin/Debug/TestProject.DLL" adapterTypeName="Microsoft.VisualStudio.TestTools.TestTypes.Unit.UnitTestAdapter, Microsoft.VisualStudio.QualityTools.Tips.UnitTest.Adapter, Version=10.0.0.0, Culture=neutral, PublicKeyToken=b03f5f7f11d50a3a" className="TestProject.OverdraftAccountTest, TestProject, Version=1.0.0.0, Culture=neutral, PublicKeyToken=null" name="CheckBalanceTest" />
    </UnitTest>
    <UnitTest name="CheckingAccountConstructorTest" storage="c:\users\томас\documents\visual studio 2010\projects\tp_lab_4\testproject\bin\debug\testproject.dll" id="66d9e69a-2c76-c2e0-57ff-7fef87532548">
      <Execution id="9e19d2b8-5ce4-4ef7-b47a-4543ddfa962f" />
      <TestMethod codeBase="C:/Users/Томас/Documents/Visual Studio 2010/Projects/tp_lab_4/TestProject/bin/Debug/TestProject.DLL" adapterTypeName="Microsoft.VisualStudio.TestTools.TestTypes.Unit.UnitTestAdapter, Microsoft.VisualStudio.QualityTools.Tips.UnitTest.Adapter, Version=10.0.0.0, Culture=neutral, PublicKeyToken=b03f5f7f11d50a3a" className="TestProject.CheckingAccountTest, TestProject, Version=1.0.0.0, Culture=neutral, PublicKeyToken=null" name="CheckingAccountConstructorTest" />
    </UnitTest>
    <UnitTest name="CheckBalanceTest" storage="c:\users\томас\documents\visual studio 2010\projects\tp_lab_4\testproject\bin\debug\testproject.dll" id="62ceffd0-193c-77fb-b637-af8857e2a0a1">
      <Execution id="f895f532-256d-4cda-959a-15a5290081f1" />
      <TestMethod codeBase="C:/Users/Томас/Documents/Visual Studio 2010/Projects/tp_lab_4/TestProject/bin/Debug/TestProject.DLL" adapterTypeName="Microsoft.VisualStudio.TestTools.TestTypes.Unit.UnitTestAdapter, Microsoft.VisualStudio.QualityTools.Tips.UnitTest.Adapter, Version=10.0.0.0, Culture=neutral, PublicKeyToken=b03f5f7f11d50a3a" className="TestProject.TimedMaturityAccountTest, TestProject, Version=1.0.0.0, Culture=neutral, PublicKeyToken=null" name="CheckBalanceTest" />
    </UnitTest>
    <UnitTest name="TimedMaturityAccountConstructorTest" storage="c:\users\томас\documents\visual studio 2010\projects\tp_lab_4\testproject\bin\debug\testproject.dll" id="5caac51c-2826-4134-4d10-6fbbec5391ad">
      <Execution id="f7a63fb6-73cd-4bc5-9c4a-73d3669d3ba5" />
      <TestMethod codeBase="C:/Users/Томас/Documents/Visual Studio 2010/Projects/tp_lab_4/TestProject/bin/Debug/TestProject.DLL" adapterTypeName="Microsoft.VisualStudio.TestTools.TestTypes.Unit.UnitTestAdapter, Microsoft.VisualStudio.QualityTools.Tips.UnitTest.Adapter, Version=10.0.0.0, Culture=neutral, PublicKeyToken=b03f5f7f11d50a3a" className="TestProject.TimedMaturityAccountTest, TestProject, Version=1.0.0.0, Culture=neutral, PublicKeyToken=null" name="TimedMaturityAccountConstructorTest" />
    </UnitTest>
    <UnitTest name="WithdrawTest" storage="c:\users\томас\documents\visual studio 2010\projects\tp_lab_4\testproject\bin\debug\testproject.dll" id="f792bb86-7bfb-5592-c7a0-d40ddb11646f">
      <Execution id="053c2c72-da96-4ed6-a431-a2e564629442" />
      <TestMethod codeBase="C:/Users/Томас/Documents/Visual Studio 2010/Projects/tp_lab_4/TestProject/bin/Debug/TestProject.DLL" adapterTypeName="Microsoft.VisualStudio.TestTools.TestTypes.Unit.UnitTestAdapter, Microsoft.VisualStudio.QualityTools.Tips.UnitTest.Adapter, Version=10.0.0.0, Culture=neutral, PublicKeyToken=b03f5f7f11d50a3a" className="TestProject.SavingsAccountTest, TestProject, Version=1.0.0.0, Culture=neutral, PublicKeyToken=null" name="WithdrawTest" />
    </UnitTest>
    <UnitTest name="ValidateTransactionNumberTest" storage="c:\users\томас\documents\visual studio 2010\projects\tp_lab_4\testproject\bin\debug\testproject.dll" id="3cbd2e1d-be43-0392-81c6-3479aa7cbd66">
      <DeploymentItems>
        <DeploymentItem filename="tp_lab_4.exe" />
      </DeploymentItems>
      <Execution id="6ed2842f-e179-4a37-9c22-abf3eb4a12cf" />
      <TestMethod codeBase="C:/Users/Томас/Documents/Visual Studio 2010/Projects/tp_lab_4/TestProject/bin/Debug/TestProject.DLL" adapterTypeName="Microsoft.VisualStudio.TestTools.TestTypes.Unit.UnitTestAdapter, Microsoft.VisualStudio.QualityTools.Tips.UnitTest.Adapter, Version=10.0.0.0, Culture=neutral, PublicKeyToken=b03f5f7f11d50a3a" className="TestProject.CheckingAccountTest, TestProject, Version=1.0.0.0, Culture=neutral, PublicKeyToken=null" name="ValidateTransactionNumberTest" />
    </UnitTest>
    <UnitTest name="WithdrawTest" storage="c:\users\томас\documents\visual studio 2010\projects\tp_lab_4\testproject\bin\debug\testproject.dll" id="71c933a1-f685-40ae-60a9-41d52b805e86">
      <Execution id="f96cfd46-548d-4276-a135-015d9a3bfe58" />
      <TestMethod codeBase="C:/Users/Томас/Documents/Visual Studio 2010/Projects/tp_lab_4/TestProject/bin/Debug/TestProject.DLL" adapterTypeName="Microsoft.VisualStudio.TestTools.TestTypes.Unit.UnitTestAdapter, Microsoft.VisualStudio.QualityTools.Tips.UnitTest.Adapter, Version=10.0.0.0, Culture=neutral, PublicKeyToken=b03f5f7f11d50a3a" className="TestProject.TimedMaturityAccountTest, TestProject, Version=1.0.0.0, Culture=neutral, PublicKeyToken=null" name="WithdrawTest" />
    </UnitTest>
    <UnitTest name="TimedMaturityAccountConstructorTest1" storage="c:\users\томас\documents\visual studio 2010\projects\tp_lab_4\testproject\bin\debug\testproject.dll" id="14d93a57-b332-046c-753e-814e87dc8c06">
      <Execution id="ea7565f9-f9a3-4757-bfd7-2cc00139726f" />
      <TestMethod codeBase="C:/Users/Томас/Documents/Visual Studio 2010/Projects/tp_lab_4/TestProject/bin/Debug/TestProject.DLL" adapterTypeName="Microsoft.VisualStudio.TestTools.TestTypes.Unit.UnitTestAdapter, Microsoft.VisualStudio.QualityTools.Tips.UnitTest.Adapter, Version=10.0.0.0, Culture=neutral, PublicKeyToken=b03f5f7f11d50a3a" className="TestProject.TimedMaturityAccountTest, TestProject, Version=1.0.0.0, Culture=neutral, PublicKeyToken=null" name="TimedMaturityAccountConstructorTest1" />
    </UnitTest>
    <UnitTest name="CheckBalanceTest1" storage="c:\users\томас\documents\visual studio 2010\projects\tp_lab_4\testproject\bin\debug\testproject.dll" id="58422d96-d1ba-b6b7-9f8e-c9d7a8785268">
      <Execution id="dc8f554c-7b43-4053-a3f7-5d3eb3542672" />
      <TestMethod codeBase="C:/Users/Томас/Documents/Visual Studio 2010/Projects/tp_lab_4/TestProject/bin/Debug/TestProject.DLL" adapterTypeName="Microsoft.VisualStudio.TestTools.TestTypes.Unit.UnitTestAdapter, Microsoft.VisualStudio.QualityTools.Tips.UnitTest.Adapter, Version=10.0.0.0, Culture=neutral, PublicKeyToken=b03f5f7f11d50a3a" className="TestProject.CheckingAccountTest, TestProject, Version=1.0.0.0, Culture=neutral, PublicKeyToken=null" name="CheckBalanceTest1" />
    </UnitTest>
  </TestDefinitions>
  <TestLists>
    <TestList name="Results Not in a List" id="8c84fa94-04c1-424b-9868-57a2d4851a1d" />
    <TestList name="All Loaded Results" id="19431567-8539-422a-85d7-44ee4e166bda" />
  </TestLists>
  <TestEntries>
    <TestEntry testId="d85feacb-cbc1-a5b1-ab33-968b7a817475" executionId="c1001e96-8ac7-4759-bc51-9404f0e7dfd0" testListId="8c84fa94-04c1-424b-9868-57a2d4851a1d" />
    <TestEntry testId="f792bb86-7bfb-5592-c7a0-d40ddb11646f" executionId="053c2c72-da96-4ed6-a431-a2e564629442" testListId="8c84fa94-04c1-424b-9868-57a2d4851a1d" />
    <TestEntry testId="3fd24b6d-d52c-d2b5-ce46-c1241d8e76f9" executionId="519d8262-8f92-4908-b33a-abf2bc550724" testListId="8c84fa94-04c1-424b-9868-57a2d4851a1d" />
    <TestEntry testId="71c933a1-f685-40ae-60a9-41d52b805e86" executionId="f96cfd46-548d-4276-a135-015d9a3bfe58" testListId="8c84fa94-04c1-424b-9868-57a2d4851a1d" />
    <TestEntry testId="d4283844-5544-bd64-8504-6fefb31dfb59" executionId="88ba3c55-be22-4372-9da7-bef90ac9c730" testListId="8c84fa94-04c1-424b-9868-57a2d4851a1d" />
    <TestEntry testId="81694bce-5837-2414-4d67-103ba283bc04" executionId="92d697c1-bedd-433b-a93a-0b5b1a527b78" testListId="8c84fa94-04c1-424b-9868-57a2d4851a1d" />
    <TestEntry testId="58422d96-d1ba-b6b7-9f8e-c9d7a8785268" executionId="dc8f554c-7b43-4053-a3f7-5d3eb3542672" testListId="8c84fa94-04c1-424b-9868-57a2d4851a1d" />
    <TestEntry testId="bd322020-b0e7-2f58-3493-0b69867350e1" executionId="f557ff4c-e414-49a1-b222-56ea17b96696" testListId="8c84fa94-04c1-424b-9868-57a2d4851a1d" />
    <TestEntry testId="4ca3fa70-5e7f-e23a-34a4-cb2747584b7e" executionId="69b52d02-36c8-4738-b587-c195ea58c4a7" testListId="8c84fa94-04c1-424b-9868-57a2d4851a1d" />
    <TestEntry testId="40119914-768a-91ac-7f5d-1560d2c1738d" executionId="3d0f523e-2ef3-446b-81f4-82cfdffbbe73" testListId="8c84fa94-04c1-424b-9868-57a2d4851a1d" />
    <TestEntry testId="0b378d9a-6583-b55f-35b0-eea1ece0a897" executionId="bb825938-9dad-4044-9ca3-45f76a6779c5" testListId="8c84fa94-04c1-424b-9868-57a2d4851a1d" />
    <TestEntry testId="46098c4c-d876-3463-9eb4-443e386a8459" executionId="844814b8-d36f-4469-97be-8d341fbbe1a2" testListId="8c84fa94-04c1-424b-9868-57a2d4851a1d" />
    <TestEntry testId="ccb7f12c-c2c7-e8c3-73b6-38c60b00775d" executionId="ef4ae59f-8de6-4239-bace-57f168a922c6" testListId="8c84fa94-04c1-424b-9868-57a2d4851a1d" />
    <TestEntry testId="62ceffd0-193c-77fb-b637-af8857e2a0a1" executionId="f895f532-256d-4cda-959a-15a5290081f1" testListId="8c84fa94-04c1-424b-9868-57a2d4851a1d" />
    <TestEntry testId="5caac51c-2826-4134-4d10-6fbbec5391ad" executionId="f7a63fb6-73cd-4bc5-9c4a-73d3669d3ba5" testListId="8c84fa94-04c1-424b-9868-57a2d4851a1d" />
    <TestEntry testId="14d93a57-b332-046c-753e-814e87dc8c06" executionId="ea7565f9-f9a3-4757-bfd7-2cc00139726f" testListId="8c84fa94-04c1-424b-9868-57a2d4851a1d" />
    <TestEntry testId="66d9e69a-2c76-c2e0-57ff-7fef87532548" executionId="9e19d2b8-5ce4-4ef7-b47a-4543ddfa962f" testListId="8c84fa94-04c1-424b-9868-57a2d4851a1d" />
    <TestEntry testId="48be869a-44d0-2fa1-f225-d2277c0d90de" executionId="41e6e414-167f-4a97-8fac-a6b0fb455ddd" testListId="8c84fa94-04c1-424b-9868-57a2d4851a1d" />
    <TestEntry testId="3cbd2e1d-be43-0392-81c6-3479aa7cbd66" executionId="6ed2842f-e179-4a37-9c22-abf3eb4a12cf" testListId="8c84fa94-04c1-424b-9868-57a2d4851a1d" />
  </TestEntries>
  <Results>
    <UnitTestResult executionId="c1001e96-8ac7-4759-bc51-9404f0e7dfd0" testId="d85feacb-cbc1-a5b1-ab33-968b7a817475" testName="CheckBalanceTest" computerName="ALPHERATZ" duration="00:00:00.0437469" startTime="2013-11-23T10:49:12.6955351+03:00" endTime="2013-11-23T10:49:14.4146752+03:00" testType="13cdc9d9-ddb5-4fa4-a97d-d965ccfc6d4b" outcome="Passed" testListId="8c84fa94-04c1-424b-9868-57a2d4851a1d" relativeResultsDirectory="c1001e96-8ac7-4759-bc51-9404f0e7dfd0">
      <Output>
        <StdOut>Current balance: 1728
 Interest rate: 0.2</StdOut>
      </Output>
    </UnitTestResult>
    <UnitTestResult executionId="053c2c72-da96-4ed6-a431-a2e564629442" testId="f792bb86-7bfb-5592-c7a0-d40ddb11646f" testName="WithdrawTest" computerName="ALPHERATZ" duration="00:00:00.0011111" startTime="2013-11-23T10:49:14.4527000+03:00" endTime="2013-11-23T10:49:14.4757156+03:00" testType="13cdc9d9-ddb5-4fa4-a97d-d965ccfc6d4b" outcome="Passed" testListId="8c84fa94-04c1-424b-9868-57a2d4851a1d" relativeResultsDirectory="053c2c72-da96-4ed6-a431-a2e564629442">
    </UnitTestResult>
    <UnitTestResult executionId="519d8262-8f92-4908-b33a-abf2bc550724" testId="3fd24b6d-d52c-d2b5-ce46-c1241d8e76f9" testName="WithdrawTest1" computerName="ALPHERATZ" duration="00:00:00.0006832" startTime="2013-11-23T10:49:14.5117387+03:00" endTime="2013-11-23T10:49:14.5337537+03:00" testType="13cdc9d9-ddb5-4fa4-a97d-d965ccfc6d4b" outcome="Passed" testListId="8c84fa94-04c1-424b-9868-57a2d4851a1d" relativeResultsDirectory="519d8262-8f92-4908-b33a-abf2bc550724">
    </UnitTestResult>
    <UnitTestResult executionId="f96cfd46-548d-4276-a135-015d9a3bfe58" testId="71c933a1-f685-40ae-60a9-41d52b805e86" testName="WithdrawTest" computerName="ALPHERATZ" duration="00:00:00.0024075" startTime="2013-11-23T10:49:14.6568349+03:00" endTime="2013-11-23T10:49:14.6778519+03:00" testType="13cdc9d9-ddb5-4fa4-a97d-d965ccfc6d4b" outcome="Passed" testListId="8c84fa94-04c1-424b-9868-57a2d4851a1d" relativeResultsDirectory="f96cfd46-548d-4276-a135-015d9a3bfe58">
    </UnitTestResult>
    <UnitTestResult executionId="88ba3c55-be22-4372-9da7-bef90ac9c730" testId="d4283844-5544-bd64-8504-6fefb31dfb59" testName="WithdrawTest1" computerName="ALPHERATZ" duration="00:00:00.0007030" startTime="2013-11-23T10:49:14.6958643+03:00" endTime="2013-11-23T10:49:14.7148737+03:00" testType="13cdc9d9-ddb5-4fa4-a97d-d965ccfc6d4b" outcome="Passed" testListId="8c84fa94-04c1-424b-9868-57a2d4851a1d" relativeResultsDirectory="88ba3c55-be22-4372-9da7-bef90ac9c730">
    </UnitTestResult>
    <UnitTestResult executionId="92d697c1-bedd-433b-a93a-0b5b1a527b78" testId="81694bce-5837-2414-4d67-103ba283bc04" testName="CheckBalanceTest" computerName="ALPHERATZ" duration="00:00:00.0038980" startTime="2013-11-23T10:49:14.7278819+03:00" endTime="2013-11-23T10:49:14.7508972+03:00" testType="13cdc9d9-ddb5-4fa4-a97d-d965ccfc6d4b" outcome="Passed" testListId="8c84fa94-04c1-424b-9868-57a2d4851a1d" relativeResultsDirectory="92d697c1-bedd-433b-a93a-0b5b1a527b78">
      <Output>
        <StdOut>Current balance: 492.5
 Transactions left: -3
Fee per transaction: 7.5</StdOut>
      </Output>
    </UnitTestResult>
    <UnitTestResult executionId="dc8f554c-7b43-4053-a3f7-5d3eb3542672" testId="58422d96-d1ba-b6b7-9f8e-c9d7a8785268" testName="CheckBalanceTest1" computerName="ALPHERATZ" duration="00:00:00.0006521" startTime="2013-11-23T10:49:14.7669082+03:00" endTime="2013-11-23T10:49:14.8069339+03:00" testType="13cdc9d9-ddb5-4fa4-a97d-d965ccfc6d4b" outcome="Passed" testListId="8c84fa94-04c1-424b-9868-57a2d4851a1d" relativeResultsDirectory="dc8f554c-7b43-4053-a3f7-5d3eb3542672">
      <Output>
        <StdOut>Current balance: 500
 Transactions left: 0
Fee per transaction: 7.5</StdOut>
      </Output>
    </UnitTestResult>
    <UnitTestResult executionId="f557ff4c-e414-49a1-b222-56ea17b96696" testId="bd322020-b0e7-2f58-3493-0b69867350e1" testName="CheckBalanceTest" computerName="ALPHERATZ" duration="00:00:00.0024904" startTime="2013-11-23T10:49:14.8209440+03:00" endTime="2013-11-23T10:49:14.8429602+03:00" testType="13cdc9d9-ddb5-4fa4-a97d-d965ccfc6d4b" outcome="Passed" testListId="8c84fa94-04c1-424b-9868-57a2d4851a1d" relativeResultsDirectory="f557ff4c-e414-49a1-b222-56ea17b96696">
      <Output>
        <StdOut>Current balance: -1050
 Interest rate: 0.05</StdOut>
      </Output>
    </UnitTestResult>
    <UnitTestResult executionId="69b52d02-36c8-4738-b587-c195ea58c4a7" testId="4ca3fa70-5e7f-e23a-34a4-cb2747584b7e" testName="CheckBalanceTest1" computerName="ALPHERATZ" duration="00:00:00.0009165" startTime="2013-11-23T10:49:14.8549666+03:00" endTime="2013-11-23T10:49:14.8749790+03:00" testType="13cdc9d9-ddb5-4fa4-a97d-d965ccfc6d4b" outcome="Passed" testListId="8c84fa94-04c1-424b-9868-57a2d4851a1d" relativeResultsDirectory="69b52d02-36c8-4738-b587-c195ea58c4a7">
      <Output>
        <StdOut>Current balance: 0
 Interest rate: 0.05</StdOut>
      </Output>
    </UnitTestResult>
    <UnitTestResult executionId="3d0f523e-2ef3-446b-81f4-82cfdffbbe73" testId="40119914-768a-91ac-7f5d-1560d2c1738d" testName="CheckBalanceTest2" computerName="ALPHERATZ" duration="00:00:00.0006706" startTime="2013-11-23T10:49:14.8849857+03:00" endTime="2013-11-23T10:49:14.9020005+03:00" testType="13cdc9d9-ddb5-4fa4-a97d-d965ccfc6d4b" outcome="Passed" testListId="8c84fa94-04c1-424b-9868-57a2d4851a1d" relativeResultsDirectory="3d0f523e-2ef3-446b-81f4-82cfdffbbe73">
      <Output>
        <StdOut>Current balance: 1
 Interest rate: 0.05</StdOut>
      </Output>
    </UnitTestResult>
    <UnitTestResult executionId="bb825938-9dad-4044-9ca3-45f76a6779c5" testId="0b378d9a-6583-b55f-35b0-eea1ece0a897" testName="AccruePercentsTest" computerName="ALPHERATZ" duration="00:00:00.0008222" startTime="2013-11-23T10:49:14.9150142+03:00" endTime="2013-11-23T10:49:14.9330226+03:00" testType="13cdc9d9-ddb5-4fa4-a97d-d965ccfc6d4b" outcome="Passed" testListId="8c84fa94-04c1-424b-9868-57a2d4851a1d" relativeResultsDirectory="bb825938-9dad-4044-9ca3-45f76a6779c5">
    </UnitTestResult>
    <UnitTestResult executionId="844814b8-d36f-4469-97be-8d341fbbe1a2" testId="46098c4c-d876-3463-9eb4-443e386a8459" testName="SavingsAccountConstructorTest" computerName="ALPHERATZ" duration="00:00:00.0004350" startTime="2013-11-23T10:49:14.9540326+03:00" endTime="2013-11-23T10:49:14.9740494+03:00" testType="13cdc9d9-ddb5-4fa4-a97d-d965ccfc6d4b" outcome="Passed" testListId="8c84fa94-04c1-424b-9868-57a2d4851a1d" relativeResultsDirectory="844814b8-d36f-4469-97be-8d341fbbe1a2">
    </UnitTestResult>
    <UnitTestResult executionId="ef4ae59f-8de6-4239-bace-57f168a922c6" testId="ccb7f12c-c2c7-e8c3-73b6-38c60b00775d" testName="SavingsAccountConstructorTest1" computerName="ALPHERATZ" duration="00:00:00.0003426" startTime="2013-11-23T10:49:14.9840521+03:00" endTime="2013-11-23T10:49:15.0020636+03:00" testType="13cdc9d9-ddb5-4fa4-a97d-d965ccfc6d4b" outcome="Passed" testListId="8c84fa94-04c1-424b-9868-57a2d4851a1d" relativeResultsDirectory="ef4ae59f-8de6-4239-bace-57f168a922c6">
    </UnitTestResult>
    <UnitTestResult executionId="f895f532-256d-4cda-959a-15a5290081f1" testId="62ceffd0-193c-77fb-b637-af8857e2a0a1" testName="CheckBalanceTest" computerName="ALPHERATZ" duration="00:00:00.0008139" startTime="2013-11-23T10:49:15.0160729+03:00" endTime="2013-11-23T10:49:15.0340892+03:00" testType="13cdc9d9-ddb5-4fa4-a97d-d965ccfc6d4b" outcome="Passed" testListId="8c84fa94-04c1-424b-9868-57a2d4851a1d" relativeResultsDirectory="f895f532-256d-4cda-959a-15a5290081f1">
      <Output>
        <StdOut>Current balance: 1000
 Penalty rate: 0.05</StdOut>
      </Output>
    </UnitTestResult>
    <UnitTestResult executionId="f7a63fb6-73cd-4bc5-9c4a-73d3669d3ba5" testId="5caac51c-2826-4134-4d10-6fbbec5391ad" testName="TimedMaturityAccountConstructorTest" computerName="ALPHERATZ" duration="00:00:00.0005617" startTime="2013-11-23T10:49:15.0480942+03:00" endTime="2013-11-23T10:49:15.0781140+03:00" testType="13cdc9d9-ddb5-4fa4-a97d-d965ccfc6d4b" outcome="Passed" testListId="8c84fa94-04c1-424b-9868-57a2d4851a1d" relativeResultsDirectory="f7a63fb6-73cd-4bc5-9c4a-73d3669d3ba5">
    </UnitTestResult>
    <UnitTestResult executionId="ea7565f9-f9a3-4757-bfd7-2cc00139726f" testId="14d93a57-b332-046c-753e-814e87dc8c06" testName="TimedMaturityAccountConstructorTest1" computerName="ALPHERATZ" duration="00:00:00.0004381" startTime="2013-11-23T10:49:15.1021304+03:00" endTime="2013-11-23T10:49:15.1191440+03:00" testType="13cdc9d9-ddb5-4fa4-a97d-d965ccfc6d4b" outcome="Passed" testListId="8c84fa94-04c1-424b-9868-57a2d4851a1d" relativeResultsDirectory="ea7565f9-f9a3-4757-bfd7-2cc00139726f">
    </UnitTestResult>
    <UnitTestResult executionId="9e19d2b8-5ce4-4ef7-b47a-4543ddfa962f" testId="66d9e69a-2c76-c2e0-57ff-7fef87532548" testName="CheckingAccountConstructorTest" computerName="ALPHERATZ" duration="00:00:00.0006746" startTime="2013-11-23T10:49:15.1291475+03:00" endTime="2013-11-23T10:49:15.1491659+03:00" testType="13cdc9d9-ddb5-4fa4-a97d-d965ccfc6d4b" outcome="Passed" testListId="8c84fa94-04c1-424b-9868-57a2d4851a1d" relativeResultsDirectory="9e19d2b8-5ce4-4ef7-b47a-4543ddfa962f">
    </UnitTestResult>
    <UnitTestResult executionId="41e6e414-167f-4a97-8fac-a6b0fb455ddd" testId="48be869a-44d0-2fa1-f225-d2277c0d90de" testName="CheckingAccountConstructorTest1" computerName="ALPHERATZ" duration="00:00:00.0005940" startTime="2013-11-23T10:49:15.1691744+03:00" endTime="2013-11-23T10:49:15.1861888+03:00" testType="13cdc9d9-ddb5-4fa4-a97d-d965ccfc6d4b" outcome="Passed" testListId="8c84fa94-04c1-424b-9868-57a2d4851a1d" relativeResultsDirectory="41e6e414-167f-4a97-8fac-a6b0fb455ddd">
    </UnitTestResult>
    <UnitTestResult executionId="6ed2842f-e179-4a37-9c22-abf3eb4a12cf" testId="3cbd2e1d-be43-0392-81c6-3479aa7cbd66" testName="ValidateTransactionNumberTest" computerName="ALPHERATZ" duration="00:00:00.1570401" startTime="2013-11-23T10:49:15.2011960+03:00" endTime="2013-11-23T10:49:15.3773159+03:00" testType="13cdc9d9-ddb5-4fa4-a97d-d965ccfc6d4b" outcome="Inconclusive" testListId="8c84fa94-04c1-424b-9868-57a2d4851a1d" relativeResultsDirectory="6ed2842f-e179-4a37-9c22-abf3eb4a12cf">
      <Output>
        <ErrorInfo>
          <Message>Assert.Inconclusive failed. A method that does not return a value cannot be verified.</Message>
          <StackTrace>   в TestProject.CheckingAccountTest.ValidateTransactionNumberTest() в C:\Users\Томас\Documents\Visual Studio 2010\Projects\tp_lab_4\TestProject\CheckingAccountTest.cs:строка 136
</StackTrace>
        </ErrorInfo>
      </Output>
    </UnitTestResult>
  </Results>
</TestRun>