<?xml version="1.0" encoding="UTF-8"?>
<TestRun id="9df47bae-5d7a-4976-b043-926e06f4816a" name="Alpheratz@ALPHERATZ 2013-11-23 10:54:42" runUser="ALPHERATZ\Alpheratz" xmlns="http://microsoft.com/schemas/VisualStudio/TeamTest/2010">
  <TestSettings name="Local" id="3bb9b01f-53d9-4978-a31b-c73d7a057c86">
    <Description>These are default test settings for a local test run.</Description>
    <Deployment enabled="false" runDeploymentRoot="Alpheratz_ALPHERATZ 2013-11-23 10_54_42">
      <DeploymentItem filename="C:\Users\Томас\documents\visual studio 2010\Projects\tp_lab_4\tp_lab_4\bin\Debug\tp_lab_4.exe" />
    </Deployment>
    <Execution>
      <TestTypeSpecific />
      <AgentRule name="Execution Agents">
      </AgentRule>
    </Execution>
  </TestSettings>
  <Times creation="2013-11-23T10:54:42.5060122+03:00" queuing="2013-11-23T10:54:42.5890684+03:00" start="2013-11-23T10:54:42.6040780+03:00" finish="2013-11-23T10:54:43.5697179+03:00" />
  <ResultSummary outcome="Failed">
    <Counters total="1" executed="1" error="0" failed="1" timeout="0" aborted="0" inconclusive="0" passedButRunAborted="0" notRunnable="0" notExecuted="0" disconnected="0" warning="0" passed="0" completed="0" inProgress="0" pending="0" />
    <RunInfos>
      <RunInfo computerName="ALPHERATZ" outcome="Warning" timestamp="2013-11-23T10:54:42.5880678+03:00">
        <Text>Deployment is currently disabled. The deployment item 'tp_lab_4.exe' on test 'TestProject.ATMTest.AccountMenuTest' was not deployed.</Text>
      </RunInfo>
    </RunInfos>
  </ResultSummary>
  <TestDefinitions>
    <UnitTest name="AccountMenuTest" storage="c:\users\томас\documents\visual studio 2010\projects\tp_lab_4\testproject\bin\debug\testproject.dll" id="18ebcf03-ef67-4a09-d7bb-994aa74f5b97">
      <DeploymentItems>
        <DeploymentItem filename="tp_lab_4.exe" />
      </DeploymentItems>
      <Execution id="241756f9-c15c-4f2a-a94b-08519691508b" />
      <TestMethod codeBase="C:/Users/Томас/Documents/Visual Studio 2010/Projects/tp_lab_4/TestProject/bin/Debug/TestProject.DLL" adapterTypeName="Microsoft.VisualStudio.TestTools.TestTypes.Unit.UnitTestAdapter, Microsoft.VisualStudio.QualityTools.Tips.UnitTest.Adapter, Version=10.0.0.0, Culture=neutral, PublicKeyToken=b03f5f7f11d50a3a" className="TestProject.ATMTest, TestProject, Version=1.0.0.0, Culture=neutral, PublicKeyToken=null" name="AccountMenuTest" />
    </UnitTest>
  </TestDefinitions>
  <TestLists>
    <TestList name="Results Not in a List" id="8c84fa94-04c1-424b-9868-57a2d4851a1d" />
    <TestList name="All Loaded Results" id="19431567-8539-422a-85d7-44ee4e166bda" />
  </TestLists>
  <TestEntries>
    <TestEntry testId="18ebcf03-ef67-4a09-d7bb-994aa74f5b97" executionId="241756f9-c15c-4f2a-a94b-08519691508b" testListId="8c84fa94-04c1-424b-9868-57a2d4851a1d" />
  </TestEntries>
  <Results>
    <UnitTestResult executionId="241756f9-c15c-4f2a-a94b-08519691508b" testId="18ebcf03-ef67-4a09-d7bb-994aa74f5b97" testName="AccountMenuTest" computerName="ALPHERATZ" duration="00:00:00.3747544" startTime="2013-11-23T10:54:42.6180873+03:00" endTime="2013-11-23T10:54:43.5366957+03:00" testType="13cdc9d9-ddb5-4fa4-a97d-d965ccfc6d4b" outcome="Failed" testListId="8c84fa94-04c1-424b-9868-57a2d4851a1d" relativeResultsDirectory="241756f9-c15c-4f2a-a94b-08519691508b">
      <Output>
        <ErrorInfo>
          <Message>Test method TestProject.ATMTest.AccountMenuTest threw exception: 
System.IO.IOException: Неверный дескриптор.
</Message>
          <StackTrace>   в tp_lab_4.ATM_Accessor.AccountMenu()
   в TestProject.ATMTest.AccountMenuTest() в C:\Users\Томас\Documents\Visual Studio 2010\Projects\tp_lab_4\TestProject\ATMTest.cs:строка 85
</StackTrace>
        </ErrorInfo>
      </Output>
    </UnitTestResult>
  </Results>
</TestRun>