<?xml version="1.0" encoding="UTF-8"?>
<TestRun id="38bb5468-8264-4e3e-8a95-8e61d14c9a6a" name="Alpheratz@ALPHERATZ 2013-11-23 04:04:17" runUser="ALPHERATZ\Alpheratz" xmlns="http://microsoft.com/schemas/VisualStudio/TeamTest/2010">
  <TestSettings name="Local" id="3bb9b01f-53d9-4978-a31b-c73d7a057c86">
    <Description>These are default test settings for a local test run.</Description>
    <Deployment enabled="false" runDeploymentRoot="Alpheratz_ALPHERATZ 2013-11-23 04_04_17">
      <DeploymentItem filename="C:\Users\Томас\documents\visual studio 2010\Projects\tp_lab_4\tp_lab_4\bin\Debug\tp_lab_4.exe" />
    </Deployment>
    <Execution>
      <TestTypeSpecific />
      <AgentRule name="Execution Agents">
      </AgentRule>
    </Execution>
  </TestSettings>
  <Times creation="2013-11-23T04:04:17.5191842+03:00" queuing="2013-11-23T04:04:17.6532695+03:00" start="2013-11-23T04:04:17.6682799+03:00" finish="2013-11-23T04:04:18.3137064+03:00" />
  <ResultSummary outcome="Completed">
    <Counters total="10" executed="10" passed="10" error="0" failed="0" timeout="0" aborted="0" inconclusive="0" passedButRunAborted="0" notRunnable="0" notExecuted="0" disconnected="0" warning="0" completed="0" inProgress="0" pending="0" />
  </ResultSummary>
  <TestDefinitions>
    <UnitTest name="CheckBalanceTest" storage="c:\users\томас\documents\visual studio 2010\projects\tp_lab_4\testproject\bin\debug\testproject.dll" id="81694bce-5837-2414-4d67-103ba283bc04">
      <Execution id="e219e4f9-0d96-4a5b-9778-198ec130fb4b" />
      <TestMethod codeBase="C:/Users/Томас/documents/visual studio 2010/Projects/tp_lab_4/TestProject/bin/Debug/TestProject.DLL" adapterTypeName="Microsoft.VisualStudio.TestTools.TestTypes.Unit.UnitTestAdapter, Microsoft.VisualStudio.QualityTools.Tips.UnitTest.Adapter, Version=10.0.0.0, Culture=neutral, PublicKeyToken=b03f5f7f11d50a3a" className="TestProject.CheckingAccountTest, TestProject, Version=1.0.0.0, Culture=neutral, PublicKeyToken=null" name="CheckBalanceTest" />
    </UnitTest>
    <UnitTest name="WithdrawTest1" storage="c:\users\томас\documents\visual studio 2010\projects\tp_lab_4\testproject\bin\debug\testproject.dll" id="d4283844-5544-bd64-8504-6fefb31dfb59">
      <Execution id="04347b1f-334f-4934-beb4-cdcc88de9561" />
      <TestMethod codeBase="C:/Users/Томас/documents/visual studio 2010/Projects/tp_lab_4/TestProject/bin/Debug/TestProject.DLL" adapterTypeName="Microsoft.VisualStudio.TestTools.TestTypes.Unit.UnitTestAdapter, Microsoft.VisualStudio.QualityTools.Tips.UnitTest.Adapter, Version=10.0.0.0, Culture=neutral, PublicKeyToken=b03f5f7f11d50a3a" className="TestProject.TimedMaturityAccountTest, TestProject, Version=1.0.0.0, Culture=neutral, PublicKeyToken=null" name="WithdrawTest1" />
    </UnitTest>
    <UnitTest name="CheckBalanceTest1" storage="c:\users\томас\documents\visual studio 2010\projects\tp_lab_4\testproject\bin\debug\testproject.dll" id="4ca3fa70-5e7f-e23a-34a4-cb2747584b7e">
      <Execution id="30f959aa-7c44-4d02-b15a-76a75c77e32a" />
      <TestMethod codeBase="C:/Users/Томас/documents/visual studio 2010/Projects/tp_lab_4/TestProject/bin/Debug/TestProject.DLL" adapterTypeName="Microsoft.VisualStudio.TestTools.TestTypes.Unit.UnitTestAdapter, Microsoft.VisualStudio.QualityTools.Tips.UnitTest.Adapter, Version=10.0.0.0, Culture=neutral, PublicKeyToken=b03f5f7f11d50a3a" className="TestProject.OverdraftAccountTest, TestProject, Version=1.0.0.0, Culture=neutral, PublicKeyToken=null" name="CheckBalanceTest1" />
    </UnitTest>
    <UnitTest name="WithdrawTest" storage="c:\users\томас\documents\visual studio 2010\projects\tp_lab_4\testproject\bin\debug\testproject.dll" id="f792bb86-7bfb-5592-c7a0-d40ddb11646f">
      <Execution id="99fc1575-17d0-43e3-b7d9-6a9daab25c5e" />
      <TestMethod codeBase="C:/Users/Томас/documents/visual studio 2010/Projects/tp_lab_4/TestProject/bin/Debug/TestProject.DLL" adapterTypeName="Microsoft.VisualStudio.TestTools.TestTypes.Unit.UnitTestAdapter, Microsoft.VisualStudio.QualityTools.Tips.UnitTest.Adapter, Version=10.0.0.0, Culture=neutral, PublicKeyToken=b03f5f7f11d50a3a" className="TestProject.SavingsAccountTest, TestProject, Version=1.0.0.0, Culture=neutral, PublicKeyToken=null" name="WithdrawTest" />
    </UnitTest>
    <UnitTest name="WithdrawTest1" storage="c:\users\томас\documents\visual studio 2010\projects\tp_lab_4\testproject\bin\debug\testproject.dll" id="3fd24b6d-d52c-d2b5-ce46-c1241d8e76f9">
      <Execution id="bc769fea-7cef-4c80-8f60-efaddfc9dc8e" />
      <TestMethod codeBase="C:/Users/Томас/documents/visual studio 2010/Projects/tp_lab_4/TestProject/bin/Debug/TestProject.DLL" adapterTypeName="Microsoft.VisualStudio.TestTools.TestTypes.Unit.UnitTestAdapter, Microsoft.VisualStudio.QualityTools.Tips.UnitTest.Adapter, Version=10.0.0.0, Culture=neutral, PublicKeyToken=b03f5f7f11d50a3a" className="TestProject.SavingsAccountTest, TestProject, Version=1.0.0.0, Culture=neutral, PublicKeyToken=null" name="WithdrawTest1" />
    </UnitTest>
    <UnitTest name="WithdrawTest" storage="c:\users\томас\documents\visual studio 2010\projects\tp_lab_4\testproject\bin\debug\testproject.dll" id="71c933a1-f685-40ae-60a9-41d52b805e86">
      <Execution id="2d9aa9ed-906a-4c35-9205-c4bd295df16c" />
      <TestMethod codeBase="C:/Users/Томас/documents/visual studio 2010/Projects/tp_lab_4/TestProject/bin/Debug/TestProject.DLL" adapterTypeName="Microsoft.VisualStudio.TestTools.TestTypes.Unit.UnitTestAdapter, Microsoft.VisualStudio.QualityTools.Tips.UnitTest.Adapter, Version=10.0.0.0, Culture=neutral, PublicKeyToken=b03f5f7f11d50a3a" className="TestProject.TimedMaturityAccountTest, TestProject, Version=1.0.0.0, Culture=neutral, PublicKeyToken=null" name="WithdrawTest" />
    </UnitTest>
    <UnitTest name="CheckBalanceTest2" storage="c:\users\томас\documents\visual studio 2010\projects\tp_lab_4\testproject\bin\debug\testproject.dll" id="40119914-768a-91ac-7f5d-1560d2c1738d">
      <Execution id="3dd057a2-5791-4e69-8c9c-0daa337b7b54" />
      <TestMethod codeBase="C:/Users/Томас/documents/visual studio 2010/Projects/tp_lab_4/TestProject/bin/Debug/TestProject.DLL" adapterTypeName="Microsoft.VisualStudio.TestTools.TestTypes.Unit.UnitTestAdapter, Microsoft.VisualStudio.QualityTools.Tips.UnitTest.Adapter, Version=10.0.0.0, Culture=neutral, PublicKeyToken=b03f5f7f11d50a3a" className="TestProject.OverdraftAccountTest, TestProject, Version=1.0.0.0, Culture=neutral, PublicKeyToken=null" name="CheckBalanceTest2" />
    </UnitTest>
    <UnitTest name="CheckBalanceTest1" storage="c:\users\томас\documents\visual studio 2010\projects\tp_lab_4\testproject\bin\debug\testproject.dll" id="58422d96-d1ba-b6b7-9f8e-c9d7a8785268">
      <Execution id="279bcb6e-aad1-4553-a622-41214d231f1c" />
      <TestMethod codeBase="C:/Users/Томас/documents/visual studio 2010/Projects/tp_lab_4/TestProject/bin/Debug/TestProject.DLL" adapterTypeName="Microsoft.VisualStudio.TestTools.TestTypes.Unit.UnitTestAdapter, Microsoft.VisualStudio.QualityTools.Tips.UnitTest.Adapter, Version=10.0.0.0, Culture=neutral, PublicKeyToken=b03f5f7f11d50a3a" className="TestProject.CheckingAccountTest, TestProject, Version=1.0.0.0, Culture=neutral, PublicKeyToken=null" name="CheckBalanceTest1" />
    </UnitTest>
    <UnitTest name="CheckBalanceTest" storage="c:\users\томас\documents\visual studio 2010\projects\tp_lab_4\testproject\bin\debug\testproject.dll" id="d85feacb-cbc1-a5b1-ab33-968b7a817475">
      <Execution id="5ce8c8a3-a0e7-4c69-8891-233e70dcac2b" />
      <TestMethod codeBase="C:/Users/Томас/documents/visual studio 2010/Projects/tp_lab_4/TestProject/bin/Debug/TestProject.DLL" adapterTypeName="Microsoft.VisualStudio.TestTools.TestTypes.Unit.UnitTestAdapter, Microsoft.VisualStudio.QualityTools.Tips.UnitTest.Adapter, Version=10.0.0.0, Culture=neutral, PublicKeyToken=b03f5f7f11d50a3a" className="TestProject.SavingsAccountTest, TestProject, Version=1.0.0.0, Culture=neutral, PublicKeyToken=null" name="CheckBalanceTest" />
    </UnitTest>
    <UnitTest name="CheckBalanceTest" storage="c:\users\томас\documents\visual studio 2010\projects\tp_lab_4\testproject\bin\debug\testproject.dll" id="bd322020-b0e7-2f58-3493-0b69867350e1">
      <Execution id="99a8f6bd-dae5-4805-804c-8df86f8da66d" />
      <TestMethod codeBase="C:/Users/Томас/documents/visual studio 2010/Projects/tp_lab_4/TestProject/bin/Debug/TestProject.DLL" adapterTypeName="Microsoft.VisualStudio.TestTools.TestTypes.Unit.UnitTestAdapter, Microsoft.VisualStudio.QualityTools.Tips.UnitTest.Adapter, Version=10.0.0.0, Culture=neutral, PublicKeyToken=b03f5f7f11d50a3a" className="TestProject.OverdraftAccountTest, TestProject, Version=1.0.0.0, Culture=neutral, PublicKeyToken=null" name="CheckBalanceTest" />
    </UnitTest>
  </TestDefinitions>
  <TestLists>
    <TestList name="Results Not in a List" id="8c84fa94-04c1-424b-9868-57a2d4851a1d" />
    <TestList name="All Loaded Results" id="19431567-8539-422a-85d7-44ee4e166bda" />
  </TestLists>
  <TestEntries>
    <TestEntry testId="d85feacb-cbc1-a5b1-ab33-968b7a817475" executionId="5ce8c8a3-a0e7-4c69-8891-233e70dcac2b" testListId="8c84fa94-04c1-424b-9868-57a2d4851a1d" />
    <TestEntry testId="f792bb86-7bfb-5592-c7a0-d40ddb11646f" executionId="99fc1575-17d0-43e3-b7d9-6a9daab25c5e" testListId="8c84fa94-04c1-424b-9868-57a2d4851a1d" />
    <TestEntry testId="71c933a1-f685-40ae-60a9-41d52b805e86" executionId="2d9aa9ed-906a-4c35-9205-c4bd295df16c" testListId="8c84fa94-04c1-424b-9868-57a2d4851a1d" />
    <TestEntry testId="d4283844-5544-bd64-8504-6fefb31dfb59" executionId="04347b1f-334f-4934-beb4-cdcc88de9561" testListId="8c84fa94-04c1-424b-9868-57a2d4851a1d" />
    <TestEntry testId="81694bce-5837-2414-4d67-103ba283bc04" executionId="e219e4f9-0d96-4a5b-9778-198ec130fb4b" testListId="8c84fa94-04c1-424b-9868-57a2d4851a1d" />
    <TestEntry testId="58422d96-d1ba-b6b7-9f8e-c9d7a8785268" executionId="279bcb6e-aad1-4553-a622-41214d231f1c" testListId="8c84fa94-04c1-424b-9868-57a2d4851a1d" />
    <TestEntry testId="3fd24b6d-d52c-d2b5-ce46-c1241d8e76f9" executionId="bc769fea-7cef-4c80-8f60-efaddfc9dc8e" testListId="8c84fa94-04c1-424b-9868-57a2d4851a1d" />
    <TestEntry testId="bd322020-b0e7-2f58-3493-0b69867350e1" executionId="99a8f6bd-dae5-4805-804c-8df86f8da66d" testListId="8c84fa94-04c1-424b-9868-57a2d4851a1d" />
    <TestEntry testId="4ca3fa70-5e7f-e23a-34a4-cb2747584b7e" executionId="30f959aa-7c44-4d02-b15a-76a75c77e32a" testListId="8c84fa94-04c1-424b-9868-57a2d4851a1d" />
    <TestEntry testId="40119914-768a-91ac-7f5d-1560d2c1738d" executionId="3dd057a2-5791-4e69-8c9c-0daa337b7b54" testListId="8c84fa94-04c1-424b-9868-57a2d4851a1d" />
  </TestEntries>
  <Results>
    <UnitTestResult executionId="5ce8c8a3-a0e7-4c69-8891-233e70dcac2b" testId="d85feacb-cbc1-a5b1-ab33-968b7a817475" testName="CheckBalanceTest" computerName="ALPHERATZ" duration="00:00:00.0393866" startTime="2013-11-23T04:04:17.6902941+03:00" endTime="2013-11-23T04:04:18.1616056+03:00" testType="13cdc9d9-ddb5-4fa4-a97d-d965ccfc6d4b" outcome="Passed" testListId="8c84fa94-04c1-424b-9868-57a2d4851a1d" relativeResultsDirectory="5ce8c8a3-a0e7-4c69-8891-233e70dcac2b">
      <Output>
        <StdOut>Current balance: 1728
 Interest rate: 0.2</StdOut>
      </Output>
    </UnitTestResult>
    <UnitTestResult executionId="99fc1575-17d0-43e3-b7d9-6a9daab25c5e" testId="f792bb86-7bfb-5592-c7a0-d40ddb11646f" testName="WithdrawTest" computerName="ALPHERATZ" duration="00:00:00.0012240" startTime="2013-11-23T04:04:18.1636172+03:00" endTime="2013-11-23T04:04:18.1766156+03:00" testType="13cdc9d9-ddb5-4fa4-a97d-d965ccfc6d4b" outcome="Passed" testListId="8c84fa94-04c1-424b-9868-57a2d4851a1d" relativeResultsDirectory="99fc1575-17d0-43e3-b7d9-6a9daab25c5e">
    </UnitTestResult>
    <UnitTestResult executionId="2d9aa9ed-906a-4c35-9205-c4bd295df16c" testId="71c933a1-f685-40ae-60a9-41d52b805e86" testName="WithdrawTest" computerName="ALPHERATZ" duration="00:00:00.0024754" startTime="2013-11-23T04:04:18.1776166+03:00" endTime="2013-11-23T04:04:18.1906292+03:00" testType="13cdc9d9-ddb5-4fa4-a97d-d965ccfc6d4b" outcome="Passed" testListId="8c84fa94-04c1-424b-9868-57a2d4851a1d" relativeResultsDirectory="2d9aa9ed-906a-4c35-9205-c4bd295df16c">
    </UnitTestResult>
    <UnitTestResult executionId="04347b1f-334f-4934-beb4-cdcc88de9561" testId="d4283844-5544-bd64-8504-6fefb31dfb59" testName="WithdrawTest1" computerName="ALPHERATZ" duration="00:00:00.0006580" startTime="2013-11-23T04:04:18.1926266+03:00" endTime="2013-11-23T04:04:18.2036339+03:00" testType="13cdc9d9-ddb5-4fa4-a97d-d965ccfc6d4b" outcome="Passed" testListId="8c84fa94-04c1-424b-9868-57a2d4851a1d" relativeResultsDirectory="04347b1f-334f-4934-beb4-cdcc88de9561">
    </UnitTestResult>
    <UnitTestResult executionId="e219e4f9-0d96-4a5b-9778-198ec130fb4b" testId="81694bce-5837-2414-4d67-103ba283bc04" testName="CheckBalanceTest" computerName="ALPHERATZ" duration="00:00:00.0021813" startTime="2013-11-23T04:04:18.2056356+03:00" endTime="2013-11-23T04:04:18.2156418+03:00" testType="13cdc9d9-ddb5-4fa4-a97d-d965ccfc6d4b" outcome="Passed" testListId="8c84fa94-04c1-424b-9868-57a2d4851a1d" relativeResultsDirectory="e219e4f9-0d96-4a5b-9778-198ec130fb4b">
      <Output>
        <StdOut>Current balance: 492.5
 Transactions left: -3
Fee per transaction: 7.5</StdOut>
      </Output>
    </UnitTestResult>
    <UnitTestResult executionId="279bcb6e-aad1-4553-a622-41214d231f1c" testId="58422d96-d1ba-b6b7-9f8e-c9d7a8785268" testName="CheckBalanceTest1" computerName="ALPHERATZ" duration="00:00:00.0008553" startTime="2013-11-23T04:04:18.2176431+03:00" endTime="2013-11-23T04:04:18.2296511+03:00" testType="13cdc9d9-ddb5-4fa4-a97d-d965ccfc6d4b" outcome="Passed" testListId="8c84fa94-04c1-424b-9868-57a2d4851a1d" relativeResultsDirectory="279bcb6e-aad1-4553-a622-41214d231f1c">
      <Output>
        <StdOut>Current balance: 500
 Transactions left: 0
Fee per transaction: 7.5</StdOut>
      </Output>
    </UnitTestResult>
    <UnitTestResult executionId="bc769fea-7cef-4c80-8f60-efaddfc9dc8e" testId="3fd24b6d-d52c-d2b5-ce46-c1241d8e76f9" testName="WithdrawTest1" computerName="ALPHERATZ" duration="00:00:00.0006453" startTime="2013-11-23T04:04:18.2316524+03:00" endTime="2013-11-23T04:04:18.2416626+03:00" testType="13cdc9d9-ddb5-4fa4-a97d-d965ccfc6d4b" outcome="Passed" testListId="8c84fa94-04c1-424b-9868-57a2d4851a1d" relativeResultsDirectory="bc769fea-7cef-4c80-8f60-efaddfc9dc8e">
    </UnitTestResult>
    <UnitTestResult executionId="99a8f6bd-dae5-4805-804c-8df86f8da66d" testId="bd322020-b0e7-2f58-3493-0b69867350e1" testName="CheckBalanceTest" computerName="ALPHERATZ" duration="00:00:00.0021529" startTime="2013-11-23T04:04:18.2446607+03:00" endTime="2013-11-23T04:04:18.2566733+03:00" testType="13cdc9d9-ddb5-4fa4-a97d-d965ccfc6d4b" outcome="Passed" testListId="8c84fa94-04c1-424b-9868-57a2d4851a1d" relativeResultsDirectory="99a8f6bd-dae5-4805-804c-8df86f8da66d">
      <Output>
        <StdOut>Current balance: -1050
 Interest rate: 0.05</StdOut>
      </Output>
    </UnitTestResult>
    <UnitTestResult executionId="30f959aa-7c44-4d02-b15a-76a75c77e32a" testId="4ca3fa70-5e7f-e23a-34a4-cb2747584b7e" testName="CheckBalanceTest1" computerName="ALPHERATZ" duration="00:00:00.0008084" startTime="2013-11-23T04:04:18.2586707+03:00" endTime="2013-11-23T04:04:18.2706779+03:00" testType="13cdc9d9-ddb5-4fa4-a97d-d965ccfc6d4b" outcome="Passed" testListId="8c84fa94-04c1-424b-9868-57a2d4851a1d" relativeResultsDirectory="30f959aa-7c44-4d02-b15a-76a75c77e32a">
      <Output>
        <StdOut>Current balance: 0
 Interest rate: 0.05</StdOut>
      </Output>
    </UnitTestResult>
    <UnitTestResult executionId="3dd057a2-5791-4e69-8c9c-0daa337b7b54" testId="40119914-768a-91ac-7f5d-1560d2c1738d" testName="CheckBalanceTest2" computerName="ALPHERATZ" duration="00:00:00.0005778" startTime="2013-11-23T04:04:18.2736803+03:00" endTime="2013-11-23T04:04:18.2826890+03:00" testType="13cdc9d9-ddb5-4fa4-a97d-d965ccfc6d4b" outcome="Passed" testListId="8c84fa94-04c1-424b-9868-57a2d4851a1d" relativeResultsDirectory="3dd057a2-5791-4e69-8c9c-0daa337b7b54">
      <Output>
        <StdOut>Current balance: 1
 Interest rate: 0.05</StdOut>
      </Output>
    </UnitTestResult>
  </Results>
</TestRun>